// Jest Snapshot v1, https://goo.gl/fbAQLP

exports[`AddRack component renders without error 1`] = `
<Fragment>
  <Header />
  <main
    role="main"
  >
    <section
      className="AddRack"
    >
      <div
        className="AddRack__wrapper"
      >
        <Form
          id="AddRack"
          onSubmit={[Function]}
        >
          <div
            className="Form__header"
          >
            <h2>
              Add Rack
            </h2>
          </div>
          <div
            className="Form__body"
          >
            <p>
              Enter the name of the rack you would like to add.
            </p>
            <FormField
              id="name"
              isRequired={true}
              label="Name"
              onChange={[Function]}
              type="text"
              value=""
            />
            <div
              className="Form__controls"
            >
              <button
                className="Form__button secondary"
                onClick={[Function]}
                type="button"
              >
                Cancel
              </button>
              <button
                className="Form__button primary"
                type="submit"
              >
                Add Rack
              </button>
            </div>
          </div>
        </Form>
      </div>
    </section>
  </main>
</Fragment>
`;
