// Jest Snapshot v1, https://goo.gl/fbAQLP

exports[`ViewRacks component renders without error 1`] = `
<Fragment>
  <Header />
  <main
    role="main"
  >
    <section
      className="ViewRacks"
    >
      <div
        className="ViewRacks__wrapper"
      >
        <h3>
          My Racks
        </h3>
        <RacksList
          racks={Array []}
        />
      </div>
    </section>
  </main>
</Fragment>
`;
