// Jest Snapshot v1, https://goo.gl/fbAQLP

exports[`Rack component renders without error 1`] = `
<li
  className="Rack"
>
  <Link
    className="Rack__header"
    to="/racks/undefined"
  >
    <span
      className="Rack__headerName"
    />
    <span
      className="Rack__headerCost"
    >
      $0
    </span>
    <span
      className="Rack__headerArrow"
    >
      -&gt;
    </span>
  </Link>
  <ul
    className="Rack__items"
  >
    <RackItem />
  </ul>
</li>
`;
