// Jest Snapshot v1, https://goo.gl/fbAQLP

exports[`EditRackItem component renders without error 1`] = `
<Fragment>
  <Header />
  <main
    role="main"
  >
    <section
      className="EditRackItem"
    >
      <div
        className="EditRackItem__wrapper"
      >
        <Form
          id="EditRackItem"
          onSubmit={[Function]}
        >
          <div
            className="Form__header"
          >
            <h2>
              Edit Item
            </h2>
          </div>
          <div
            className="Form__body"
          >
            <p>
              Edit the information for the clothing item.
            </p>
            <FormField
              id="name"
              isRequired={true}
              label="Name"
              onChange={[Function]}
              type="text"
              value=""
            />
            <FormField
              id="price"
              isRequired={true}
              label="Price"
              onChange={[Function]}
              type="text"
              value=""
            />
            <FormField
              id="url"
              isRequired={false}
              label="URL"
              onChange={[Function]}
              type="text"
              value=""
            />
            <div
              className="Form__controls"
            >
              <button
                className="Form__button secondary"
                onClick={[Function]}
                type="button"
              >
                Cancel
              </button>
              <button
                className="Form__button primary"
                type="submit"
              >
                Edit Item
              </button>
            </div>
          </div>
        </Form>
      </div>
    </section>
  </main>
</Fragment>
`;
