// Jest Snapshot v1, https://goo.gl/fbAQLP

exports[`Header component renders without error 1`] = `
<header
  className="Header"
  role="banner"
>
  <div
    className="Header__wrapper"
  >
    <h1
      className="Header__title"
    >
      <Link
        to="/"
      >
        <img
          alt="Racking Up logo"
          src="racking-up-logo.svg"
        />
        <span>
          Racking
          <span
            className="Header__titleColor"
          >
            Up
          </span>
        </span>
      </Link>
    </h1>
    <nav
      className="Nav"
      role="navigation"
    >
      <ul>
        <li>
          <Link
            className="Header__button secondary"
            to="/sign-in"
          >
            Sign In
          </Link>
        </li>
      </ul>
    </nav>
  </div>
</header>
`;
