// Jest Snapshot v1, https://goo.gl/fbAQLP

exports[`Landing component renders without error 1`] = `
<Fragment>
  <Header />
  <main
    role="main"
  >
    <section
      className="Hero"
    >
      <div
        className="Hero__wrapper"
      >
        <SignUpForm />
      </div>
    </section>
    <section
      className="AppInfo"
    >
      <div
        className="AppInfo__wrapper"
      >
        <h3>
          Organize clothing purchases from online retailers
        </h3>
        <p>
          Racking Up helps you organize your upcoming wardrobe purchases with a custom rack system. With a little help from our app, you can curate lists of those clothing items you fancy from any online retailer.
        </p>
        <h3>
          Prioritize your clothing racks
        </h3>
        <p>
          Trying to work within a budget or only care about clothes for the season? Racking Up allows you to prioritize racks of clothing for purchase in a way that matters to you.
        </p>
        <h3>
          Want to give it a spin?
        </h3>
        <p>
          You can use our demo account to check out our app.
        </p>
      </div>
    </section>
  </main>
</Fragment>
`;
