// Jest Snapshot v1, https://goo.gl/fbAQLP

exports[`App component renders without error 1`] = `
<Fragment>
  <Header />
  <Switch>
    <Route
      component={[Function]}
      exact={true}
      path="/"
    />
    <Route
      component={[Function]}
      path="/sign-in"
    />
    <Route
      component={[Function]}
      path="/racks"
    />
    <Route
      component={[Function]}
      path="/add-rack"
    />
    <Route
      component={[Function]}
      path="/add-rack-item"
    />
  </Switch>
  <Footer />
</Fragment>
`;
